16:34:17 **** Incremental Build of configuration Debug for project DirectC_IAP_RISCV ****
make all 
Building file: ../main.c
Invoking: RISC-V GCC/Newlib C Compiler
riscv64-unknown-elf-gcc -mabi=ilp32 -g3 -gdwarf-2 -march=rv32im -I"C:\dev\svn\DirectCore\CoreJTAGDebug\trunk\validation\Softconsole\DirectC_IAP_RISCV" -I"C:\dev\svn\DirectCore\CoreJTAGDebug\trunk\validation\Softconsole\DirectC_IAP_RISCV\drivers\CoreGPIO" -I"C:\dev\svn\DirectCore\CoreJTAGDebug\trunk\validation\Softconsole\DirectC_IAP_RISCV\drivers\CoreUARTapb" -I"C:\dev\svn\DirectCore\CoreJTAGDebug\trunk\validation\Softconsole\DirectC_IAP_RISCV\hal" -I"C:\dev\svn\DirectCore\CoreJTAGDebug\trunk\validation\Softconsole\DirectC_IAP_RISCV\riscv_hal" -I"C:\dev\svn\DirectCore\CoreJTAGDebug\trunk\validation\Softconsole\DirectC_IAP_RISCV\DirectC\JTAG" -I"C:\dev\svn\DirectCore\CoreJTAGDebug\trunk\validation\Softconsole\DirectC_IAP_RISCV\DirectC" -O0 -ffunction-sections -fdata-sections -Wall -c -MMD -MP -MF"main.d" -MT"main.d" -o "main.o" "../main.c"
Finished building: ../main.c
 
Building target: DirectC_IAP_RISCV.elf
Invoking: RISC-V GCC/Newlib C Linker
riscv64-unknown-elf-gcc -mabi=ilp32 -g3 -gdwarf-2 -march=rv32im -T"../riscv_hal/microsemi-riscv-ram.ld" -nostartfiles -Wl,--gc-sections -Wl,-Map,DirectC_IAP_RISCV.map -o "DirectC_IAP_RISCV.elf"  ./riscv_hal/entry.o ./riscv_hal/init.o ./riscv_hal/riscv_hal.o ./riscv_hal/riscv_hal_stubs.o ./riscv_hal/syscall.o  ./hal/hal_irq.o ./hal/hw_reg_access.o  ./drivers/CoreUARTapb/core_uart_apb.o  ./drivers/CoreGPIO/core_gpio.o  ./DirectC/JTAG/dpjtag.o  ./DirectC/dpuser.o  ./main.o   
Finished building target: DirectC_IAP_RISCV.elf
 
Invoking: RISC-V GCC/Newlib GNU Create Flash Image
riscv64-unknown-elf-objcopy -O ihex DirectC_IAP_RISCV.elf  "DirectC_IAP_RISCV.hex"
Finished building: DirectC_IAP_RISCV.hex
 
Invoking: RISC-V GCC/Newlib Create Listing
riscv64-unknown-elf-objdump -h -S DirectC_IAP_RISCV.elf > "DirectC_IAP_RISCV.lst"
Finished building: DirectC_IAP_RISCV.lst
 
Invoking: RISC-V GCC/Newlib Print Size
riscv64-unknown-elf-size --format=berkeley "DirectC_IAP_RISCV.elf"
   text	   data	    bss	    dec	    hex	filename
  13840	   1216	   4288	  19344	   4b90	DirectC_IAP_RISCV.elf
Finished building: DirectC_IAP_RISCV.siz
 

16:34:20 Build Finished (took 2s.401ms)

