Archive member included to satisfy reference by file (symbol)

c:/microsemi/softconsole_v5.1.0.19/softconsole_v5.1/arm-none-eabi-gcc/bin/../lib/gcc/arm-none-eabi/6.3.1/../../../../arm-none-eabi/lib/thumb/v7-m\libg_nano.a(lib_a-errno.o)
                              ./CMSIS/startup_gcc/newlib_stubs.o (__errno)
c:/microsemi/softconsole_v5.1.0.19/softconsole_v5.1/arm-none-eabi-gcc/bin/../lib/gcc/arm-none-eabi/6.3.1/../../../../arm-none-eabi/lib/thumb/v7-m\libg_nano.a(lib_a-exit.o)
                              c:/microsemi/softconsole_v5.1.0.19/softconsole_v5.1/arm-none-eabi-gcc/bin/../lib/gcc/arm-none-eabi/6.3.1/../../../../arm-none-eabi/lib/thumb/v7-m/crt0.o (exit)
c:/microsemi/softconsole_v5.1.0.19/softconsole_v5.1/arm-none-eabi-gcc/bin/../lib/gcc/arm-none-eabi/6.3.1/../../../../arm-none-eabi/lib/thumb/v7-m\libg_nano.a(lib_a-impure.o)
                              c:/microsemi/softconsole_v5.1.0.19/softconsole_v5.1/arm-none-eabi-gcc/bin/../lib/gcc/arm-none-eabi/6.3.1/../../../../arm-none-eabi/lib/thumb/v7-m\libg_nano.a(lib_a-exit.o) (_global_impure_ptr)
c:/microsemi/softconsole_v5.1.0.19/softconsole_v5.1/arm-none-eabi-gcc/bin/../lib/gcc/arm-none-eabi/6.3.1/../../../../arm-none-eabi/lib/thumb/v7-m\libg_nano.a(lib_a-init.o)
                              c:/microsemi/softconsole_v5.1.0.19/softconsole_v5.1/arm-none-eabi-gcc/bin/../lib/gcc/arm-none-eabi/6.3.1/../../../../arm-none-eabi/lib/thumb/v7-m/crt0.o (__libc_init_array)
c:/microsemi/softconsole_v5.1.0.19/softconsole_v5.1/arm-none-eabi-gcc/bin/../lib/gcc/arm-none-eabi/6.3.1/../../../../arm-none-eabi/lib/thumb/v7-m\libg_nano.a(lib_a-memset.o)
                              c:/microsemi/softconsole_v5.1.0.19/softconsole_v5.1/arm-none-eabi-gcc/bin/../lib/gcc/arm-none-eabi/6.3.1/../../../../arm-none-eabi/lib/thumb/v7-m/crt0.o (memset)

Discarded input sections

 .text          0x00000000        0x0 c:/microsemi/softconsole_v5.1.0.19/softconsole_v5.1/arm-none-eabi-gcc/bin/../lib/gcc/arm-none-eabi/6.3.1/thumb/v7-m/crti.o
 .data          0x00000000        0x0 c:/microsemi/softconsole_v5.1.0.19/softconsole_v5.1/arm-none-eabi-gcc/bin/../lib/gcc/arm-none-eabi/6.3.1/thumb/v7-m/crti.o
 .bss           0x00000000        0x0 c:/microsemi/softconsole_v5.1.0.19/softconsole_v5.1/arm-none-eabi-gcc/bin/../lib/gcc/arm-none-eabi/6.3.1/thumb/v7-m/crti.o
 .data          0x00000000        0x4 c:/microsemi/softconsole_v5.1.0.19/softconsole_v5.1/arm-none-eabi-gcc/bin/../lib/gcc/arm-none-eabi/6.3.1/thumb/v7-m/crtbegin.o
 .text          0x00000000       0x74 c:/microsemi/softconsole_v5.1.0.19/softconsole_v5.1/arm-none-eabi-gcc/bin/../lib/gcc/arm-none-eabi/6.3.1/../../../../arm-none-eabi/lib/thumb/v7-m/crt0.o
 .data          0x00000000        0x0 c:/microsemi/softconsole_v5.1.0.19/softconsole_v5.1/arm-none-eabi-gcc/bin/../lib/gcc/arm-none-eabi/6.3.1/../../../../arm-none-eabi/lib/thumb/v7-m/crt0.o
 .bss           0x00000000        0x0 c:/microsemi/softconsole_v5.1.0.19/softconsole_v5.1/arm-none-eabi-gcc/bin/../lib/gcc/arm-none-eabi/6.3.1/../../../../arm-none-eabi/lib/thumb/v7-m/crt0.o
 .ARM.extab     0x00000000        0x0 c:/microsemi/softconsole_v5.1.0.19/softconsole_v5.1/arm-none-eabi-gcc/bin/../lib/gcc/arm-none-eabi/6.3.1/../../../../arm-none-eabi/lib/thumb/v7-m/crt0.o
 .ARM.exidx     0x00000000        0x8 c:/microsemi/softconsole_v5.1.0.19/softconsole_v5.1/arm-none-eabi-gcc/bin/../lib/gcc/arm-none-eabi/6.3.1/../../../../arm-none-eabi/lib/thumb/v7-m/crt0.o
 .text          0x00000000        0xe ./hal/CortexM3/GNU/hal.o
 .data          0x00000000        0x0 ./hal/CortexM3/GNU/hal.o
 .bss           0x00000000        0x0 ./hal/CortexM3/GNU/hal.o
 .text          0x00000000       0x90 ./hal/CortexM3/GNU/hw_reg_access.o
 .data          0x00000000        0x0 ./hal/CortexM3/GNU/hw_reg_access.o
 .bss           0x00000000        0x0 ./hal/CortexM3/GNU/hw_reg_access.o
 .group         0x00000000        0x8 ./hal/CortexM3/cortex_nvic.o
 .group         0x00000000        0x8 ./hal/CortexM3/cortex_nvic.o
 .group         0x00000000        0x8 ./hal/CortexM3/cortex_nvic.o
 .group         0x00000000        0x8 ./hal/CortexM3/cortex_nvic.o
 .group         0x00000000        0x8 ./hal/CortexM3/cortex_nvic.o
 .group         0x00000000        0x8 ./hal/CortexM3/cortex_nvic.o
 .group         0x00000000        0x8 ./hal/CortexM3/cortex_nvic.o
 .group         0x00000000        0x8 ./hal/CortexM3/cortex_nvic.o
 .group         0x00000000        0x8 ./hal/CortexM3/cortex_nvic.o
 .group         0x00000000        0x8 ./hal/CortexM3/cortex_nvic.o
 .group         0x00000000        0x8 ./hal/CortexM3/cortex_nvic.o
 .text          0x00000000        0x0 ./hal/CortexM3/cortex_nvic.o
 .data          0x00000000        0x0 ./hal/CortexM3/cortex_nvic.o
 .bss           0x00000000        0x0 ./hal/CortexM3/cortex_nvic.o
 .text.NVIC_init
                0x00000000        0xe ./hal/CortexM3/cortex_nvic.o
 .text.NVIC_set_handler
                0x00000000       0x16 ./hal/CortexM3/cortex_nvic.o
 .text.NVIC_set_priority
                0x00000000       0x18 ./hal/CortexM3/cortex_nvic.o
 .text.NVIC_enable_interrupt
                0x00000000       0x14 ./hal/CortexM3/cortex_nvic.o
 .text.NVIC_disable_interrupt
                0x00000000       0x14 ./hal/CortexM3/cortex_nvic.o
 .text.NVIC_clear_interrupt
                0x00000000       0x14 ./hal/CortexM3/cortex_nvic.o
 .group         0x00000000        0x8 ./drivers_config/sys_config/sys_config.o
 .group         0x00000000        0x8 ./drivers_config/sys_config/sys_config.o
 .group         0x00000000        0x8 ./drivers_config/sys_config/sys_config.o
 .group         0x00000000        0x8 ./drivers_config/sys_config/sys_config.o
 .group         0x00000000        0x8 ./drivers_config/sys_config/sys_config.o
 .group         0x00000000        0x8 ./drivers_config/sys_config/sys_config.o
 .group         0x00000000        0x8 ./drivers_config/sys_config/sys_config.o
 .group         0x00000000        0x8 ./drivers_config/sys_config/sys_config.o
 .group         0x00000000        0x8 ./drivers_config/sys_config/sys_config.o
 .group         0x00000000        0x8 ./drivers_config/sys_config/sys_config.o
 .group         0x00000000        0x8 ./drivers_config/sys_config/sys_config.o
 .group         0x00000000        0x8 ./drivers_config/sys_config/sys_config.o
 .group         0x00000000        0x8 ./drivers_config/sys_config/sys_config.o
 .group         0x00000000        0x8 ./drivers_config/sys_config/sys_config.o
 .text          0x00000000        0x0 ./drivers_config/sys_config/sys_config.o
 .data          0x00000000        0x0 ./drivers_config/sys_config/sys_config.o
 .bss           0x00000000        0x0 ./drivers_config/sys_config/sys_config.o
 .debug_macro   0x00000000      0x898 ./drivers_config/sys_config/sys_config.o
 .debug_macro   0x00000000       0x22 ./drivers_config/sys_config/sys_config.o
 .debug_macro   0x00000000       0x87 ./drivers_config/sys_config/sys_config.o
 .debug_macro   0x00000000       0x51 ./drivers_config/sys_config/sys_config.o
 .debug_macro   0x00000000       0xef ./drivers_config/sys_config/sys_config.o
 .debug_macro   0x00000000       0x6a ./drivers_config/sys_config/sys_config.o
 .debug_macro   0x00000000      0x1df ./drivers_config/sys_config/sys_config.o
 .group         0x00000000        0x8 ./drivers/mss_gpio/mss_gpio.o
 .group         0x00000000        0x8 ./drivers/mss_gpio/mss_gpio.o
 .group         0x00000000        0x8 ./drivers/mss_gpio/mss_gpio.o
 .group         0x00000000        0x8 ./drivers/mss_gpio/mss_gpio.o
 .group         0x00000000        0x8 ./drivers/mss_gpio/mss_gpio.o
 .group         0x00000000        0x8 ./drivers/mss_gpio/mss_gpio.o
 .group         0x00000000        0x8 ./drivers/mss_gpio/mss_gpio.o
 .group         0x00000000        0x8 ./drivers/mss_gpio/mss_gpio.o
 .group         0x00000000        0x8 ./drivers/mss_gpio/mss_gpio.o
 .group         0x00000000        0x8 ./drivers/mss_gpio/mss_gpio.o
 .group         0x00000000        0x8 ./drivers/mss_gpio/mss_gpio.o
 .group         0x00000000        0x8 ./drivers/mss_gpio/mss_gpio.o
 .group         0x00000000        0x8 ./drivers/mss_gpio/mss_gpio.o
 .group         0x00000000        0x8 ./drivers/mss_gpio/mss_gpio.o
 .group         0x00000000        0x8 ./drivers/mss_gpio/mss_gpio.o
 .group         0x00000000        0x8 ./drivers/mss_gpio/mss_gpio.o
 .group         0x00000000        0x8 ./drivers/mss_gpio/mss_gpio.o
 .text          0x00000000        0x0 ./drivers/mss_gpio/mss_gpio.o
 .data          0x00000000        0x0 ./drivers/mss_gpio/mss_gpio.o
 .bss           0x00000000        0x0 ./drivers/mss_gpio/mss_gpio.o
 .text.NVIC_EnableIRQ
                0x00000000       0x30 ./drivers/mss_gpio/mss_gpio.o
 .text.MSS_GPIO_set_output
                0x00000000       0x64 ./drivers/mss_gpio/mss_gpio.o
 .text.MSS_GPIO_drive_inout
                0x00000000       0xec ./drivers/mss_gpio/mss_gpio.o
 .text.MSS_GPIO_enable_irq
                0x00000000       0x58 ./drivers/mss_gpio/mss_gpio.o
 .text.MSS_GPIO_disable_irq
                0x00000000       0x48 ./drivers/mss_gpio/mss_gpio.o
 .text.MSS_GPIO_clear_irq
                0x00000000       0x3c ./drivers/mss_gpio/mss_gpio.o
 .debug_macro   0x00000000      0x898 ./drivers/mss_gpio/mss_gpio.o
 .debug_macro   0x00000000       0x26 ./drivers/mss_gpio/mss_gpio.o
 .debug_macro   0x00000000       0x22 ./drivers/mss_gpio/mss_gpio.o
 .debug_macro   0x00000000       0x87 ./drivers/mss_gpio/mss_gpio.o
 .debug_macro   0x00000000       0x51 ./drivers/mss_gpio/mss_gpio.o
 .debug_macro   0x00000000       0xef ./drivers/mss_gpio/mss_gpio.o
 .debug_macro   0x00000000       0x6a ./drivers/mss_gpio/mss_gpio.o
 .debug_macro   0x00000000      0x1df ./drivers/mss_gpio/mss_gpio.o
 .debug_macro   0x00000000       0x34 ./drivers/mss_gpio/mss_gpio.o
 .debug_macro   0x00000000       0x34 ./drivers/mss_gpio/mss_gpio.o
 .debug_macro   0x00000000      0xca6 ./drivers/mss_gpio/mss_gpio.o
 .debug_macro   0x00000000      0x265 ./drivers/mss_gpio/mss_gpio.o
 .debug_macro   0x00000000       0x58 ./drivers/mss_gpio/mss_gpio.o
 .debug_macro   0x00000000       0x35 ./drivers/mss_gpio/mss_gpio.o
 .debug_macro   0x00000000       0x9c ./drivers/mss_gpio/mss_gpio.o
 .debug_macro   0x00000000       0x1c ./drivers/mss_gpio/mss_gpio.o
 .group         0x00000000        0x8 ./CMSIS/startup_gcc/newlib_stubs.o
 .group         0x00000000        0x8 ./CMSIS/startup_gcc/newlib_stubs.o
 .group         0x00000000        0x8 ./CMSIS/startup_gcc/newlib_stubs.o
 .group         0x00000000        0x8 ./CMSIS/startup_gcc/newlib_stubs.o
 .group         0x00000000        0x8 ./CMSIS/startup_gcc/newlib_stubs.o
 .group         0x00000000        0x8 ./CMSIS/startup_gcc/newlib_stubs.o
 .group         0x00000000        0x8 ./CMSIS/startup_gcc/newlib_stubs.o
 .group         0x00000000        0x8 ./CMSIS/startup_gcc/newlib_stubs.o
 .group         0x00000000        0x8 ./CMSIS/startup_gcc/newlib_stubs.o
 .group         0x00000000        0x8 ./CMSIS/startup_gcc/newlib_stubs.o
 .group         0x00000000        0x8 ./CMSIS/startup_gcc/newlib_stubs.o
 .group         0x00000000        0x8 ./CMSIS/startup_gcc/newlib_stubs.o
 .group         0x00000000        0x8 ./CMSIS/startup_gcc/newlib_stubs.o
 .group         0x00000000        0x8 ./CMSIS/startup_gcc/newlib_stubs.o
 .group         0x00000000        0x8 ./CMSIS/startup_gcc/newlib_stubs.o
 .group         0x00000000        0x8 ./CMSIS/startup_gcc/newlib_stubs.o
 .group         0x00000000        0x8 ./CMSIS/startup_gcc/newlib_stubs.o
 .group         0x00000000        0x8 ./CMSIS/startup_gcc/newlib_stubs.o
 .group         0x00000000        0x8 ./CMSIS/startup_gcc/newlib_stubs.o
 .group         0x00000000        0x8 ./CMSIS/startup_gcc/newlib_stubs.o
 .group         0x00000000        0x8 ./CMSIS/startup_gcc/newlib_stubs.o
 .group         0x00000000        0x8 ./CMSIS/startup_gcc/newlib_stubs.o
 .group         0x00000000        0x8 ./CMSIS/startup_gcc/newlib_stubs.o
 .group         0x00000000        0x8 ./CMSIS/startup_gcc/newlib_stubs.o
 .group         0x00000000        0x8 ./CMSIS/startup_gcc/newlib_stubs.o
 .group         0x00000000        0x8 ./CMSIS/startup_gcc/newlib_stubs.o
 .group         0x00000000        0x8 ./CMSIS/startup_gcc/newlib_stubs.o
 .group         0x00000000        0x8 ./CMSIS/startup_gcc/newlib_stubs.o
 .group         0x00000000        0x8 ./CMSIS/startup_gcc/newlib_stubs.o
 .group         0x00000000        0x8 ./CMSIS/startup_gcc/newlib_stubs.o
 .group         0x00000000        0x8 ./CMSIS/startup_gcc/newlib_stubs.o
 .group         0x00000000        0x8 ./CMSIS/startup_gcc/newlib_stubs.o
 .group         0x00000000        0x8 ./CMSIS/startup_gcc/newlib_stubs.o
 .group         0x00000000        0x8 ./CMSIS/startup_gcc/newlib_stubs.o
 .group         0x00000000        0x8 ./CMSIS/startup_gcc/newlib_stubs.o
 .group         0x00000000        0x8 ./CMSIS/startup_gcc/newlib_stubs.o
 .text          0x00000000        0x0 ./CMSIS/startup_gcc/newlib_stubs.o
 .data          0x00000000        0x0 ./CMSIS/startup_gcc/newlib_stubs.o
 .bss           0x00000000        0x0 ./CMSIS/startup_gcc/newlib_stubs.o
 .bss.__env     0x00000000        0x4 ./CMSIS/startup_gcc/newlib_stubs.o
 .data.environ  0x00000000        0x4 ./CMSIS/startup_gcc/newlib_stubs.o
 .text._close   0x00000000       0x16 ./CMSIS/startup_gcc/newlib_stubs.o
 .text._execve  0x00000000       0x22 ./CMSIS/startup_gcc/newlib_stubs.o
 .text._exit    0x00000000        0xa ./CMSIS/startup_gcc/newlib_stubs.o
 .text._fork    0x00000000       0x16 ./CMSIS/startup_gcc/newlib_stubs.o
 .text._fstat   0x00000000       0x1e ./CMSIS/startup_gcc/newlib_stubs.o
 .text._getpid  0x00000000        0xe ./CMSIS/startup_gcc/newlib_stubs.o
 .text._isatty  0x00000000       0x14 ./CMSIS/startup_gcc/newlib_stubs.o
 .text._kill    0x00000000       0x20 ./CMSIS/startup_gcc/newlib_stubs.o
 .text._link    0x00000000       0x20 ./CMSIS/startup_gcc/newlib_stubs.o
 .text._lseek   0x00000000       0x18 ./CMSIS/startup_gcc/newlib_stubs.o
 .text._open    0x00000000       0x1a ./CMSIS/startup_gcc/newlib_stubs.o
 .text._read    0x00000000       0x18 ./CMSIS/startup_gcc/newlib_stubs.o
 .text._write_r
                0x00000000       0x1a ./CMSIS/startup_gcc/newlib_stubs.o
 .bss.heap_end.5344
                0x00000000        0x4 ./CMSIS/startup_gcc/newlib_stubs.o
 .rodata        0x00000000       0x30 ./CMSIS/startup_gcc/newlib_stubs.o
 .text._sbrk    0x00000000       0x9c ./CMSIS/startup_gcc/newlib_stubs.o
 .text._stat    0x00000000       0x1e ./CMSIS/startup_gcc/newlib_stubs.o
 .text._times   0x00000000       0x16 ./CMSIS/startup_gcc/newlib_stubs.o
 .text._unlink  0x00000000       0x1e ./CMSIS/startup_gcc/newlib_stubs.o
 .text._wait    0x00000000       0x1e ./CMSIS/startup_gcc/newlib_stubs.o
 .debug_macro   0x00000000      0x898 ./CMSIS/startup_gcc/newlib_stubs.o
 .debug_macro   0x00000000       0x22 ./CMSIS/startup_gcc/newlib_stubs.o
 .debug_macro   0x00000000       0x35 ./CMSIS/startup_gcc/newlib_stubs.o
 .debug_macro   0x00000000       0x9c ./CMSIS/startup_gcc/newlib_stubs.o
 .debug_macro   0x00000000       0x6a ./CMSIS/startup_gcc/newlib_stubs.o
 .text          0x00000000        0x0 ./CMSIS/startup_gcc/startup_m2sxxx.o
 .data          0x00000000        0x0 ./CMSIS/startup_gcc/startup_m2sxxx.o
 .bss           0x00000000        0x0 ./CMSIS/startup_gcc/startup_m2sxxx.o
 .group         0x00000000        0x8 ./CMSIS/system_m2sxxx.o
 .group         0x00000000        0x8 ./CMSIS/system_m2sxxx.o
 .group         0x00000000        0x8 ./CMSIS/system_m2sxxx.o
 .group         0x00000000        0x8 ./CMSIS/system_m2sxxx.o
 .group         0x00000000        0x8 ./CMSIS/system_m2sxxx.o
 .group         0x00000000        0x8 ./CMSIS/system_m2sxxx.o
 .group         0x00000000        0x8 ./CMSIS/system_m2sxxx.o
 .group         0x00000000        0x8 ./CMSIS/system_m2sxxx.o
 .group         0x00000000        0x8 ./CMSIS/system_m2sxxx.o
 .group         0x00000000        0x8 ./CMSIS/system_m2sxxx.o
 .group         0x00000000        0x8 ./CMSIS/system_m2sxxx.o
 .group         0x00000000        0x8 ./CMSIS/system_m2sxxx.o
 .group         0x00000000        0x8 ./CMSIS/system_m2sxxx.o
 .group         0x00000000        0x8 ./CMSIS/system_m2sxxx.o
 .text          0x00000000        0x0 ./CMSIS/system_m2sxxx.o
 .data          0x00000000        0x0 ./CMSIS/system_m2sxxx.o
 .bss           0x00000000        0x0 ./CMSIS/system_m2sxxx.o
 .data.g_FrequencyPCLK0
                0x00000000        0x4 ./CMSIS/system_m2sxxx.o
 .data.g_FrequencyPCLK1
                0x00000000        0x4 ./CMSIS/system_m2sxxx.o
 .data.g_FrequencyPCLK2
                0x00000000        0x4 ./CMSIS/system_m2sxxx.o
 .data.g_FrequencyFIC0
                0x00000000        0x4 ./CMSIS/system_m2sxxx.o
 .data.g_FrequencyFIC1
                0x00000000        0x4 ./CMSIS/system_m2sxxx.o
 .data.g_FrequencyFIC64
                0x00000000        0x4 ./CMSIS/system_m2sxxx.o
 .rodata        0x00000000        0x8 ./CMSIS/system_m2sxxx.o
 .text.SystemCoreClockUpdate
                0x00000000       0xf8 ./CMSIS/system_m2sxxx.o
 .text.get_rcosc_25_50mhz_frequency
                0x00000000       0x3c ./CMSIS/system_m2sxxx.o
 .text.set_clock_frequency_globals
                0x00000000       0x5c ./CMSIS/system_m2sxxx.o
 .debug_macro   0x00000000      0x898 ./CMSIS/system_m2sxxx.o
 .debug_macro   0x00000000       0x26 ./CMSIS/system_m2sxxx.o
 .debug_macro   0x00000000       0x22 ./CMSIS/system_m2sxxx.o
 .debug_macro   0x00000000       0x87 ./CMSIS/system_m2sxxx.o
 .debug_macro   0x00000000       0x51 ./CMSIS/system_m2sxxx.o
 .debug_macro   0x00000000       0xef ./CMSIS/system_m2sxxx.o
 .debug_macro   0x00000000       0x6a ./CMSIS/system_m2sxxx.o
 .debug_macro   0x00000000      0x1df ./CMSIS/system_m2sxxx.o
 .debug_macro   0x00000000       0x34 ./CMSIS/system_m2sxxx.o
 .debug_macro   0x00000000       0x34 ./CMSIS/system_m2sxxx.o
 .debug_macro   0x00000000      0xca6 ./CMSIS/system_m2sxxx.o
 .debug_macro   0x00000000      0x265 ./CMSIS/system_m2sxxx.o
 .debug_macro   0x00000000       0x3a ./CMSIS/system_m2sxxx.o
 .debug_macro   0x00000000       0x34 ./CMSIS/system_m2sxxx.o
 .group         0x00000000        0x8 ./main.o
 .group         0x00000000        0x8 ./main.o
 .group         0x00000000        0x8 ./main.o
 .group         0x00000000        0x8 ./main.o
 .group         0x00000000        0x8 ./main.o
 .group         0x00000000        0x8 ./main.o
 .group         0x00000000        0x8 ./main.o
 .group         0x00000000        0x8 ./main.o
 .group         0x00000000        0x8 ./main.o
 .group         0x00000000        0x8 ./main.o
 .group         0x00000000        0x8 ./main.o
 .group         0x00000000        0x8 ./main.o
 .group         0x00000000        0x8 ./main.o
 .text          0x00000000        0x0 ./main.o
 .data          0x00000000        0x0 ./main.o
 .bss           0x00000000        0x0 ./main.o
 .debug_macro   0x00000000      0x898 ./main.o
 .debug_macro   0x00000000       0x26 ./main.o
 .debug_macro   0x00000000       0x22 ./main.o
 .debug_macro   0x00000000       0x87 ./main.o
 .debug_macro   0x00000000       0x51 ./main.o
 .debug_macro   0x00000000       0xef ./main.o
 .debug_macro   0x00000000       0x6a ./main.o
 .debug_macro   0x00000000      0x1df ./main.o
 .debug_macro   0x00000000       0x34 ./main.o
 .debug_macro   0x00000000       0x34 ./main.o
 .debug_macro   0x00000000      0xca6 ./main.o
 .debug_macro   0x00000000      0x265 ./main.o
 .debug_macro   0x00000000      0x11c ./main.o
 .text          0x00000000        0x0 c:/microsemi/softconsole_v5.1.0.19/softconsole_v5.1/arm-none-eabi-gcc/bin/../lib/gcc/arm-none-eabi/6.3.1/../../../../arm-none-eabi/lib/thumb/v7-m\libg_nano.a(lib_a-errno.o)
 .data          0x00000000        0x0 c:/microsemi/softconsole_v5.1.0.19/softconsole_v5.1/arm-none-eabi-gcc/bin/../lib/gcc/arm-none-eabi/6.3.1/../../../../arm-none-eabi/lib/thumb/v7-m\libg_nano.a(lib_a-errno.o)
 .bss           0x00000000        0x0 c:/microsemi/softconsole_v5.1.0.19/softconsole_v5.1/arm-none-eabi-gcc/bin/../lib/gcc/arm-none-eabi/6.3.1/../../../../arm-none-eabi/lib/thumb/v7-m\libg_nano.a(lib_a-errno.o)
 .text.__errno  0x00000000        0xc c:/microsemi/softconsole_v5.1.0.19/softconsole_v5.1/arm-none-eabi-gcc/bin/../lib/gcc/arm-none-eabi/6.3.1/../../../../arm-none-eabi/lib/thumb/v7-m\libg_nano.a(lib_a-errno.o)
 .text          0x00000000        0x0 c:/microsemi/softconsole_v5.1.0.19/softconsole_v5.1/arm-none-eabi-gcc/bin/../lib/gcc/arm-none-eabi/6.3.1/../../../../arm-none-eabi/lib/thumb/v7-m\libg_nano.a(lib_a-exit.o)
 .data          0x00000000        0x0 c:/microsemi/softconsole_v5.1.0.19/softconsole_v5.1/arm-none-eabi-gcc/bin/../lib/gcc/arm-none-eabi/6.3.1/../../../../arm-none-eabi/lib/thumb/v7-m\libg_nano.a(lib_a-exit.o)
 .bss           0x00000000        0x0 c:/microsemi/softconsole_v5.1.0.19/softconsole_v5.1/arm-none-eabi-gcc/bin/../lib/gcc/arm-none-eabi/6.3.1/../../../../arm-none-eabi/lib/thumb/v7-m\libg_nano.a(lib_a-exit.o)
 .text.exit     0x00000000       0x28 c:/microsemi/softconsole_v5.1.0.19/softconsole_v5.1/arm-none-eabi-gcc/bin/../lib/gcc/arm-none-eabi/6.3.1/../../../../arm-none-eabi/lib/thumb/v7-m\libg_nano.a(lib_a-exit.o)
 .text          0x00000000        0x0 c:/microsemi/softconsole_v5.1.0.19/softconsole_v5.1/arm-none-eabi-gcc/bin/../lib/gcc/arm-none-eabi/6.3.1/../../../../arm-none-eabi/lib/thumb/v7-m\libg_nano.a(lib_a-impure.o)
 .data          0x00000000        0x0 c:/microsemi/softconsole_v5.1.0.19/softconsole_v5.1/arm-none-eabi-gcc/bin/../lib/gcc/arm-none-eabi/6.3.1/../../../../arm-none-eabi/lib/thumb/v7-m\libg_nano.a(lib_a-impure.o)
 .bss           0x00000000        0x0 c:/microsemi/softconsole_v5.1.0.19/softconsole_v5.1/arm-none-eabi-gcc/bin/../lib/gcc/arm-none-eabi/6.3.1/../../../../arm-none-eabi/lib/thumb/v7-m\libg_nano.a(lib_a-impure.o)
 .data._impure_ptr
                0x00000000        0x4 c:/microsemi/softconsole_v5.1.0.19/softconsole_v5.1/arm-none-eabi-gcc/bin/../lib/gcc/arm-none-eabi/6.3.1/../../../../arm-none-eabi/lib/thumb/v7-m\libg_nano.a(lib_a-impure.o)
 .data.impure_data
                0x00000000       0x60 c:/microsemi/softconsole_v5.1.0.19/softconsole_v5.1/arm-none-eabi-gcc/bin/../lib/gcc/arm-none-eabi/6.3.1/../../../../arm-none-eabi/lib/thumb/v7-m\libg_nano.a(lib_a-impure.o)
 .rodata._global_impure_ptr
                0x00000000        0x4 c:/microsemi/softconsole_v5.1.0.19/softconsole_v5.1/arm-none-eabi-gcc/bin/../lib/gcc/arm-none-eabi/6.3.1/../../../../arm-none-eabi/lib/thumb/v7-m\libg_nano.a(lib_a-impure.o)
 .text          0x00000000        0x0 c:/microsemi/softconsole_v5.1.0.19/softconsole_v5.1/arm-none-eabi-gcc/bin/../lib/gcc/arm-none-eabi/6.3.1/../../../../arm-none-eabi/lib/thumb/v7-m\libg_nano.a(lib_a-init.o)
 .data          0x00000000        0x0 c:/microsemi/softconsole_v5.1.0.19/softconsole_v5.1/arm-none-eabi-gcc/bin/../lib/gcc/arm-none-eabi/6.3.1/../../../../arm-none-eabi/lib/thumb/v7-m\libg_nano.a(lib_a-init.o)
 .bss           0x00000000        0x0 c:/microsemi/softconsole_v5.1.0.19/softconsole_v5.1/arm-none-eabi-gcc/bin/../lib/gcc/arm-none-eabi/6.3.1/../../../../arm-none-eabi/lib/thumb/v7-m\libg_nano.a(lib_a-init.o)
 .text          0x00000000        0x0 c:/microsemi/softconsole_v5.1.0.19/softconsole_v5.1/arm-none-eabi-gcc/bin/../lib/gcc/arm-none-eabi/6.3.1/../../../../arm-none-eabi/lib/thumb/v7-m\libg_nano.a(lib_a-memset.o)
 .data          0x00000000        0x0 c:/microsemi/softconsole_v5.1.0.19/softconsole_v5.1/arm-none-eabi-gcc/bin/../lib/gcc/arm-none-eabi/6.3.1/../../../../arm-none-eabi/lib/thumb/v7-m\libg_nano.a(lib_a-memset.o)
 .bss           0x00000000        0x0 c:/microsemi/softconsole_v5.1.0.19/softconsole_v5.1/arm-none-eabi-gcc/bin/../lib/gcc/arm-none-eabi/6.3.1/../../../../arm-none-eabi/lib/thumb/v7-m\libg_nano.a(lib_a-memset.o)
 .text.memset   0x00000000       0x10 c:/microsemi/softconsole_v5.1.0.19/softconsole_v5.1/arm-none-eabi-gcc/bin/../lib/gcc/arm-none-eabi/6.3.1/../../../../arm-none-eabi/lib/thumb/v7-m\libg_nano.a(lib_a-memset.o)
 .text          0x00000000        0x0 c:/microsemi/softconsole_v5.1.0.19/softconsole_v5.1/arm-none-eabi-gcc/bin/../lib/gcc/arm-none-eabi/6.3.1/thumb/v7-m/crtend.o
 .data          0x00000000        0x0 c:/microsemi/softconsole_v5.1.0.19/softconsole_v5.1/arm-none-eabi-gcc/bin/../lib/gcc/arm-none-eabi/6.3.1/thumb/v7-m/crtend.o
 .bss           0x00000000        0x0 c:/microsemi/softconsole_v5.1.0.19/softconsole_v5.1/arm-none-eabi-gcc/bin/../lib/gcc/arm-none-eabi/6.3.1/thumb/v7-m/crtend.o
 .eh_frame      0x00000000        0x4 c:/microsemi/softconsole_v5.1.0.19/softconsole_v5.1/arm-none-eabi-gcc/bin/../lib/gcc/arm-none-eabi/6.3.1/thumb/v7-m/crtend.o
 .text          0x00000000        0x0 c:/microsemi/softconsole_v5.1.0.19/softconsole_v5.1/arm-none-eabi-gcc/bin/../lib/gcc/arm-none-eabi/6.3.1/thumb/v7-m/crtn.o
 .data          0x00000000        0x0 c:/microsemi/softconsole_v5.1.0.19/softconsole_v5.1/arm-none-eabi-gcc/bin/../lib/gcc/arm-none-eabi/6.3.1/thumb/v7-m/crtn.o
 .bss           0x00000000        0x0 c:/microsemi/softconsole_v5.1.0.19/softconsole_v5.1/arm-none-eabi-gcc/bin/../lib/gcc/arm-none-eabi/6.3.1/thumb/v7-m/crtn.o

Memory Configuration

Name             Origin             Length             Attributes
ram              0x20000000         0x00010000         xrw
*default*        0x00000000         0xffffffff

Linker script and memory map

LOAD c:/microsemi/softconsole_v5.1.0.19/softconsole_v5.1/arm-none-eabi-gcc/bin/../lib/gcc/arm-none-eabi/6.3.1/thumb/v7-m/crti.o
LOAD c:/microsemi/softconsole_v5.1.0.19/softconsole_v5.1/arm-none-eabi-gcc/bin/../lib/gcc/arm-none-eabi/6.3.1/thumb/v7-m/crtbegin.o
LOAD c:/microsemi/softconsole_v5.1.0.19/softconsole_v5.1/arm-none-eabi-gcc/bin/../lib/gcc/arm-none-eabi/6.3.1/../../../../arm-none-eabi/lib/thumb/v7-m/crt0.o
LOAD ./hal/CortexM3/GNU/hal.o
LOAD ./hal/CortexM3/GNU/hw_reg_access.o
LOAD ./hal/CortexM3/cortex_nvic.o
LOAD ./drivers_config/sys_config/sys_config.o
LOAD ./drivers/mss_gpio/mss_gpio.o
LOAD ./CMSIS/startup_gcc/newlib_stubs.o
LOAD ./CMSIS/startup_gcc/startup_m2sxxx.o
LOAD ./CMSIS/system_m2sxxx.o
LOAD ./main.o
START GROUP
LOAD c:/microsemi/softconsole_v5.1.0.19/softconsole_v5.1/arm-none-eabi-gcc/bin/../lib/gcc/arm-none-eabi/6.3.1/thumb/v7-m\libgcc.a
LOAD c:/microsemi/softconsole_v5.1.0.19/softconsole_v5.1/arm-none-eabi-gcc/bin/../lib/gcc/arm-none-eabi/6.3.1/../../../../arm-none-eabi/lib/thumb/v7-m\libg_nano.a
LOAD c:/microsemi/softconsole_v5.1.0.19/softconsole_v5.1/arm-none-eabi-gcc/bin/../lib/gcc/arm-none-eabi/6.3.1/../../../../arm-none-eabi/lib/thumb/v7-m\libc_nano.a
END GROUP
START GROUP
LOAD c:/microsemi/softconsole_v5.1.0.19/softconsole_v5.1/arm-none-eabi-gcc/bin/../lib/gcc/arm-none-eabi/6.3.1/thumb/v7-m\libgcc.a
LOAD c:/microsemi/softconsole_v5.1.0.19/softconsole_v5.1/arm-none-eabi-gcc/bin/../lib/gcc/arm-none-eabi/6.3.1/../../../../arm-none-eabi/lib/thumb/v7-m\libc_nano.a
END GROUP
LOAD c:/microsemi/softconsole_v5.1.0.19/softconsole_v5.1/arm-none-eabi-gcc/bin/../lib/gcc/arm-none-eabi/6.3.1/thumb/v7-m/crtend.o
LOAD c:/microsemi/softconsole_v5.1.0.19/softconsole_v5.1/arm-none-eabi-gcc/bin/../lib/gcc/arm-none-eabi/6.3.1/thumb/v7-m/crtn.o
START GROUP
LOAD c:/microsemi/softconsole_v5.1.0.19/softconsole_v5.1/arm-none-eabi-gcc/bin/../lib/gcc/arm-none-eabi/6.3.1/../../../../arm-none-eabi/lib/thumb/v7-m\libc.a
LOAD c:/microsemi/softconsole_v5.1.0.19/softconsole_v5.1/arm-none-eabi-gcc/bin/../lib/gcc/arm-none-eabi/6.3.1/thumb/v7-m\libgcc.a
LOAD c:/microsemi/softconsole_v5.1.0.19/softconsole_v5.1/arm-none-eabi-gcc/bin/../lib/gcc/arm-none-eabi/6.3.1/../../../../arm-none-eabi/lib/thumb/v7-m\libm.a
END GROUP
                0x00000000                __DYNAMIC = 0x0
                0x20000000                RAM_START_ADDRESS = 0x20000000
                0x00010000                RAM_SIZE = 0x10000
                0x00001000                MAIN_STACK_SIZE = 0x1000
                0x00001000                MIN_SIZE_HEAP = 0x1000
                0x20010000                PROVIDE (__main_stack_start, (RAM_START_ADDRESS + RAM_SIZE))
                [!provide]                PROVIDE (_estack, __main_stack_start)
                0x00000000                PROVIDE (__mirrored_nvm, 0x0)
                0x00000000                PROVIDE (__smartfusion2_memory_remap, 0x0)

.vector_table   0x20000000      0x190
                0x20000000                __vector_table_load = LOADADDR (.vector_table)
                0x20000000                __vector_table_start = .
                0x20000000                __vector_table_vma_base_address = .
 *(.isr_vector)
 .isr_vector    0x20000000      0x190 ./CMSIS/startup_gcc/startup_m2sxxx.o
                0x20000000                g_pfnVectors
                0x20000190                . = ALIGN (0x10)
                0x20000190                _evector_table = .

.boot_code      0x20000190      0x320
 *(.boot_code)
 .boot_code     0x20000190      0x31c ./CMSIS/startup_gcc/startup_m2sxxx.o
                0x20000190                Reset_Handler
                0x2000037e                NMI_Handler
                0x20000380                HardFault_Handler
                0x20000382                MemManage_Handler
                0x20000384                BusFault_Handler
                0x20000386                UsageFault_Handler
                0x20000388                SVC_Handler
                0x2000038a                DebugMon_Handler
                0x2000038c                PendSV_Handler
                0x2000038e                SysTick_Handler
                0x20000390                WdogWakeup_IRQHandler
                0x20000392                RTC_Wakeup_IRQHandler
                0x20000394                SPI0_IRQHandler
                0x20000396                SPI1_IRQHandler
                0x20000398                I2C0_IRQHandler
                0x2000039a                I2C0_SMBAlert_IRQHandler
                0x2000039c                I2C0_SMBus_IRQHandler
                0x2000039e                I2C1_IRQHandler
                0x200003a0                I2C1_SMBAlert_IRQHandler
                0x200003a2                I2C1_SMBus_IRQHandler
                0x200003a4                UART0_IRQHandler
                0x200003a6                UART1_IRQHandler
                0x200003a8                EthernetMAC_IRQHandler
                0x200003aa                DMA_IRQHandler
                0x200003ac                Timer1_IRQHandler
                0x200003ae                Timer2_IRQHandler
                0x200003b0                CAN_IRQHandler
                0x200003b2                ENVM0_IRQHandler
                0x200003b4                ENVM1_IRQHandler
                0x200003b6                ComBlk_IRQHandler
                0x200003b8                USB_IRQHandler
                0x200003ba                USB_DMA_IRQHandler
                0x200003bc                PLL_Lock_IRQHandler
                0x200003be                PLL_LockLost_IRQHandler
                0x200003c0                CommSwitchError_IRQHandler
                0x200003c2                CacheError_IRQHandler
                0x200003c4                DDR_IRQHandler
                0x200003c6                HPDMA_Complete_IRQHandler
                0x200003c8                HPDMA_Error_IRQHandler
                0x200003ca                ECC_Error_IRQHandler
                0x200003cc                MDDR_IOCalib_IRQHandler
                0x200003ce                FAB_PLL_Lock_IRQHandler
                0x200003d0                FAB_PLL_LockLost_IRQHandler
                0x200003d2                FIC64_IRQHandler
                0x200003d4                FabricIrq0_IRQHandler
                0x200003d6                FabricIrq1_IRQHandler
                0x200003d8                FabricIrq2_IRQHandler
                0x200003da                FabricIrq3_IRQHandler
                0x200003dc                FabricIrq4_IRQHandler
                0x200003de                FabricIrq5_IRQHandler
                0x200003e0                FabricIrq6_IRQHandler
                0x200003e2                FabricIrq7_IRQHandler
                0x200003e4                FabricIrq8_IRQHandler
                0x200003e6                FabricIrq9_IRQHandler
                0x200003e8                FabricIrq10_IRQHandler
                0x200003ea                FabricIrq11_IRQHandler
                0x200003ec                FabricIrq12_IRQHandler
                0x200003ee                FabricIrq13_IRQHandler
                0x200003f0                FabricIrq14_IRQHandler
                0x200003f2                FabricIrq15_IRQHandler
                0x200003f4                GPIO0_IRQHandler
                0x200003f6                GPIO1_IRQHandler
                0x200003f8                GPIO2_IRQHandler
                0x200003fa                GPIO3_IRQHandler
                0x200003fc                GPIO4_IRQHandler
                0x200003fe                GPIO5_IRQHandler
                0x20000400                GPIO6_IRQHandler
                0x20000402                GPIO7_IRQHandler
                0x20000404                GPIO8_IRQHandler
                0x20000406                GPIO9_IRQHandler
                0x20000408                GPIO10_IRQHandler
                0x2000040a                GPIO11_IRQHandler
                0x2000040c                GPIO12_IRQHandler
                0x2000040e                GPIO13_IRQHandler
                0x20000410                GPIO14_IRQHandler
                0x20000412                GPIO15_IRQHandler
                0x20000414                GPIO16_IRQHandler
                0x20000416                GPIO17_IRQHandler
                0x20000418                GPIO18_IRQHandler
                0x2000041a                GPIO19_IRQHandler
                0x2000041c                GPIO20_IRQHandler
                0x2000041e                GPIO21_IRQHandler
                0x20000420                GPIO22_IRQHandler
                0x20000422                GPIO23_IRQHandler
                0x20000424                GPIO24_IRQHandler
                0x20000426                GPIO25_IRQHandler
                0x20000428                GPIO26_IRQHandler
                0x2000042a                GPIO27_IRQHandler
                0x2000042c                GPIO28_IRQHandler
                0x2000042e                GPIO29_IRQHandler
                0x20000430                GPIO30_IRQHandler
                0x20000432                GPIO31_IRQHandler
                0x20000434                mscc_post_hw_cfg_init
                0x200004b0                . = ALIGN (0x10)
 *fill*         0x200004ac        0x4 

.text           0x200004b0      0x3f0
 CREATE_OBJECT_SYMBOLS
                0x200004b0                __text_load = LOADADDR (.text)
                0x200004b0                __text_start = .
 *(.text .text.* .gnu.linkonce.t.*)
 .text          0x200004b0       0x6c c:/microsemi/softconsole_v5.1.0.19/softconsole_v5.1/arm-none-eabi-gcc/bin/../lib/gcc/arm-none-eabi/6.3.1/thumb/v7-m/crtbegin.o
 .text.NVIC_DisableIRQ
                0x2000051c       0x34 ./drivers/mss_gpio/mss_gpio.o
 .text.NVIC_ClearPendingIRQ
                0x20000550       0x34 ./drivers/mss_gpio/mss_gpio.o
 .text.MSS_GPIO_init
                0x20000584       0x78 ./drivers/mss_gpio/mss_gpio.o
                0x20000584                MSS_GPIO_init
 .text.MSS_GPIO_config
                0x200005fc       0x38 ./drivers/mss_gpio/mss_gpio.o
                0x200005fc                MSS_GPIO_config
 .text.SystemInit
                0x20000634       0x20 ./CMSIS/system_m2sxxx.o
                0x20000634                SystemInit
 .text.get_silicon_revision
                0x20000654       0x48 ./CMSIS/system_m2sxxx.o
 .text.silicon_workarounds
                0x2000069c       0x22 ./CMSIS/system_m2sxxx.o
 *fill*         0x200006be        0x2 
 .text.m2s050_rev_a_workarounds
                0x200006c0       0x30 ./CMSIS/system_m2sxxx.o
 .text.MSS_GPIO_set_outputs
                0x200006f0       0x20 ./main.o
 .text.MSS_GPIO_get_outputs
                0x20000710       0x18 ./main.o
 .text.main     0x20000728       0x42 ./main.o
                0x20000728                main
 *fill*         0x2000076a        0x2 
 .text.delay    0x2000076c       0x2c ./main.o
 .text.__libc_init_array
                0x20000798       0x48 c:/microsemi/softconsole_v5.1.0.19/softconsole_v5.1/arm-none-eabi-gcc/bin/../lib/gcc/arm-none-eabi/6.3.1/../../../../arm-none-eabi/lib/thumb/v7-m\libg_nano.a(lib_a-init.o)
                0x20000798                __libc_init_array
 *(.plt)
 *(.gnu.warning)
 *(.glue_7t)
 .glue_7t       0x200007e0        0x0 linker stubs
 *(.glue_7)
 .glue_7        0x200007e0        0x0 linker stubs
 *(.vfp11_veneer)
 .vfp11_veneer  0x200007e0        0x0 linker stubs
                0x200007e0                . = ALIGN (0x4)
 *crtbegin.o(.ctors)
 *(EXCLUDE_FILE(*crtend.o) .ctors)
 *(SORT(.ctors.*))
 *crtend.o(.ctors)
 *crtbegin.o(.dtors)
 *(EXCLUDE_FILE(*crtend.o) .dtors)
 *(SORT(.dtors.*))
 *crtend.o(.dtors)
 *(.rodata .rodata.* .gnu.linkonce.r.*)
 .rodata.g_config_reg_lut
                0x200007e0       0x80 ./drivers/mss_gpio/mss_gpio.o
 .rodata.g_gpio_irqn_lut
                0x20000860       0x20 ./drivers/mss_gpio/mss_gpio.o
 *(.ARM.extab* .gnu.linkonce.armextab.*)
 *(.gcc_except_table)
 *(.eh_frame_hdr)
 *(.eh_frame)
 .eh_frame      0x20000880        0x0 c:/microsemi/softconsole_v5.1.0.19/softconsole_v5.1/arm-none-eabi-gcc/bin/../lib/gcc/arm-none-eabi/6.3.1/thumb/v7-m/crtbegin.o
 *(.vector_table)
 *(.init)
 .init          0x20000880        0x4 c:/microsemi/softconsole_v5.1.0.19/softconsole_v5.1/arm-none-eabi-gcc/bin/../lib/gcc/arm-none-eabi/6.3.1/thumb/v7-m/crti.o
                0x20000880                _init
 .init          0x20000884        0x8 c:/microsemi/softconsole_v5.1.0.19/softconsole_v5.1/arm-none-eabi-gcc/bin/../lib/gcc/arm-none-eabi/6.3.1/thumb/v7-m/crtn.o
 *(.fini)
 .fini          0x2000088c        0x4 c:/microsemi/softconsole_v5.1.0.19/softconsole_v5.1/arm-none-eabi-gcc/bin/../lib/gcc/arm-none-eabi/6.3.1/thumb/v7-m/crti.o
                0x2000088c                _fini
 .fini          0x20000890        0x8 c:/microsemi/softconsole_v5.1.0.19/softconsole_v5.1/arm-none-eabi-gcc/bin/../lib/gcc/arm-none-eabi/6.3.1/thumb/v7-m/crtn.o
                0x20000898                PROVIDE (__preinit_array_start, .)
 *(.preinit_array)
                0x20000898                PROVIDE (__preinit_array_end, .)
                0x20000898                PROVIDE (__init_array_start, .)
 *(SORT(.init_array.*))
 *(.init_array)
 .init_array    0x20000898        0x4 c:/microsemi/softconsole_v5.1.0.19/softconsole_v5.1/arm-none-eabi-gcc/bin/../lib/gcc/arm-none-eabi/6.3.1/thumb/v7-m/crtbegin.o
                0x2000089c                PROVIDE (__init_array_end, .)
                [!provide]                PROVIDE (__fini_array_start, .)
 *(.fini_array)
 .fini_array    0x2000089c        0x4 c:/microsemi/softconsole_v5.1.0.19/softconsole_v5.1/arm-none-eabi-gcc/bin/../lib/gcc/arm-none-eabi/6.3.1/thumb/v7-m/crtbegin.o
 *(SORT(.fini_array.*))
                [!provide]                PROVIDE (__fini_array_end, .)
                0x200008a0                . = ALIGN (0x10)
                0x200008a0                __exidx_start = .

.v4_bx          0x200008a0        0x0
 .v4_bx         0x200008a0        0x0 linker stubs

.iplt           0x200008a0        0x0
 .iplt          0x200008a0        0x0 c:/microsemi/softconsole_v5.1.0.19/softconsole_v5.1/arm-none-eabi-gcc/bin/../lib/gcc/arm-none-eabi/6.3.1/thumb/v7-m/crtbegin.o

.rel.dyn        0x200008a0        0x0
 .rel.iplt      0x200008a0        0x0 c:/microsemi/softconsole_v5.1.0.19/softconsole_v5.1/arm-none-eabi-gcc/bin/../lib/gcc/arm-none-eabi/6.3.1/thumb/v7-m/crtbegin.o

.ARM.exidx
 *(.ARM.exidx* .gnu.linkonce.armexidx.*)
                0x200008a0                __exidx_end = .
                0x200008a0                _etext = .
                [!provide]                PROVIDE (__text_end, .)

.data           0x200008a0       0x10
                0x200008a0                __data_load = LOADADDR (.data)
                0x200008a0                _sidata = LOADADDR (.data)
                0x200008a0                __data_start = .
                0x200008a0                _sdata = .
 *(.jcr)
 .jcr           0x200008a0        0x0 c:/microsemi/softconsole_v5.1.0.19/softconsole_v5.1/arm-none-eabi-gcc/bin/../lib/gcc/arm-none-eabi/6.3.1/thumb/v7-m/crtbegin.o
 .jcr           0x200008a0        0x4 c:/microsemi/softconsole_v5.1.0.19/softconsole_v5.1/arm-none-eabi-gcc/bin/../lib/gcc/arm-none-eabi/6.3.1/thumb/v7-m/crtend.o
 *(.got.plt)
 *(.got)
 *(.shdata)
 *(.data .data.* .gnu.linkonce.d.*)
 .data.SystemCoreClock
                0x200008a4        0x4 ./CMSIS/system_m2sxxx.o
                0x200008a4                SystemCoreClock
                0x200008b0                . = ALIGN (0x10)
 *fill*         0x200008a8        0x8 
                0x200008b0                _edata = .

.igot.plt       0x200008b0        0x0
 .igot.plt      0x200008b0        0x0 c:/microsemi/softconsole_v5.1.0.19/softconsole_v5.1/arm-none-eabi-gcc/bin/../lib/gcc/arm-none-eabi/6.3.1/thumb/v7-m/crtbegin.o

.bss            0x200008b0       0x20
                0x200008b0                __bss_start__ = .
                0x200008b0                _sbss = .
 *(.shbss)
 *(.bss .bss.* .gnu.linkonce.b.*)
 .bss           0x200008b0       0x1c c:/microsemi/softconsole_v5.1.0.19/softconsole_v5.1/arm-none-eabi-gcc/bin/../lib/gcc/arm-none-eabi/6.3.1/thumb/v7-m/crtbegin.o
 *(COMMON)
                0x200008d0                . = ALIGN (0x10)
 *fill*         0x200008cc        0x4 
                0x200008d0                __bss_end__ = .
                0x200008d0                _end = .
                0x200008d0                __end = _end
                0x200008d0                _ebss = .
                [!provide]                PROVIDE (end, .)

.heap           0x200008d0     0xe730
                0x200008d0                __heap_start__ = .
                0x200018d0                . = (. + MIN_SIZE_HEAP)
 *fill*         0x200008d0     0x1000 
                0x2000f000                . = (. + (((ABSOLUTE (RAM_START_ADDRESS) + RAM_SIZE) - MAIN_STACK_SIZE) - .))
 *fill*         0x200018d0     0xd730 
                0x2000f000                _eheap = .

.stack          0x2000f000     0x1000
                0x2000f000                __stack_start__ = .
                0x20010000                . = (. + MAIN_STACK_SIZE)
 *fill*         0x2000f000     0x1000 
                0x20010000                _estack = .

.stab
 *(.stab)

.stabstr
 *(.stabstr)

.debug
 *(.debug)

.line
 *(.line)

.debug_srcinfo
 *(.debug_srcinfo)

.debug_sfnames
 *(.debug_sfnames)

.debug_aranges  0x00000000      0x258
 *(.debug_aranges)
 .debug_aranges
                0x00000000       0x20 ./hal/CortexM3/GNU/hal.o
 .debug_aranges
                0x00000020       0x20 ./hal/CortexM3/GNU/hw_reg_access.o
 .debug_aranges
                0x00000040       0x48 ./hal/CortexM3/cortex_nvic.o
 .debug_aranges
                0x00000088       0x18 ./drivers_config/sys_config/sys_config.o
 .debug_aranges
                0x000000a0       0x68 ./drivers/mss_gpio/mss_gpio.o
 .debug_aranges
                0x00000108       0xa8 ./CMSIS/startup_gcc/newlib_stubs.o
 .debug_aranges
                0x000001b0       0x20 ./CMSIS/startup_gcc/startup_m2sxxx.o
 .debug_aranges
                0x000001d0       0x50 ./CMSIS/system_m2sxxx.o
 .debug_aranges
                0x00000220       0x38 ./main.o

.debug_pubnames
 *(.debug_pubnames)

.debug_info     0x00000000     0x32d9
 *(.debug_info .gnu.linkonce.wi.*)
 .debug_info    0x00000000       0xb5 ./hal/CortexM3/GNU/hal.o
 .debug_info    0x000000b5       0xbf ./hal/CortexM3/GNU/hw_reg_access.o
 .debug_info    0x00000174      0x18f ./hal/CortexM3/cortex_nvic.o
 .debug_info    0x00000303       0x96 ./drivers_config/sys_config/sys_config.o
 .debug_info    0x00000399     0x1004 ./drivers/mss_gpio/mss_gpio.o
 .debug_info    0x0000139d      0xf7b ./CMSIS/startup_gcc/newlib_stubs.o
 .debug_info    0x00002318       0xc1 ./CMSIS/startup_gcc/startup_m2sxxx.o
 .debug_info    0x000023d9      0xab9 ./CMSIS/system_m2sxxx.o
 .debug_info    0x00002e92      0x447 ./main.o

.debug_abbrev   0x00000000      0x883
 *(.debug_abbrev)
 .debug_abbrev  0x00000000       0x14 ./hal/CortexM3/GNU/hal.o
 .debug_abbrev  0x00000014       0x14 ./hal/CortexM3/GNU/hw_reg_access.o
 .debug_abbrev  0x00000028       0x8b ./hal/CortexM3/cortex_nvic.o
 .debug_abbrev  0x000000b3       0x4e ./drivers_config/sys_config/sys_config.o
 .debug_abbrev  0x00000101      0x1bb ./drivers/mss_gpio/mss_gpio.o
 .debug_abbrev  0x000002bc      0x2ef ./CMSIS/startup_gcc/newlib_stubs.o
 .debug_abbrev  0x000005ab       0x14 ./CMSIS/startup_gcc/startup_m2sxxx.o
 .debug_abbrev  0x000005bf      0x190 ./CMSIS/system_m2sxxx.o
 .debug_abbrev  0x0000074f      0x134 ./main.o

.debug_line     0x00000000     0x197d
 *(.debug_line)
 .debug_line    0x00000000       0x4d ./hal/CortexM3/GNU/hal.o
 .debug_line    0x0000004d       0x8b ./hal/CortexM3/GNU/hw_reg_access.o
 .debug_line    0x000000d8      0x31d ./hal/CortexM3/cortex_nvic.o
 .debug_line    0x000003f5      0x33c ./drivers_config/sys_config/sys_config.o
 .debug_line    0x00000731      0x471 ./drivers/mss_gpio/mss_gpio.o
 .debug_line    0x00000ba2      0x4e7 ./CMSIS/startup_gcc/newlib_stubs.o
 .debug_line    0x00001089      0x18e ./CMSIS/startup_gcc/startup_m2sxxx.o
 .debug_line    0x00001217      0x3eb ./CMSIS/system_m2sxxx.o
 .debug_line    0x00001602      0x37b ./main.o

.debug_frame    0x00000000      0x778
 *(.debug_frame)
 .debug_frame   0x00000000       0xf8 ./hal/CortexM3/cortex_nvic.o
 .debug_frame   0x000000f8      0x198 ./drivers/mss_gpio/mss_gpio.o
 .debug_frame   0x00000290      0x2a8 ./CMSIS/startup_gcc/newlib_stubs.o
 .debug_frame   0x00000538      0x10c ./CMSIS/system_m2sxxx.o
 .debug_frame   0x00000644       0xa0 ./main.o
 .debug_frame   0x000006e4       0x20 c:/microsemi/softconsole_v5.1.0.19/softconsole_v5.1/arm-none-eabi-gcc/bin/../lib/gcc/arm-none-eabi/6.3.1/../../../../arm-none-eabi/lib/thumb/v7-m\libg_nano.a(lib_a-errno.o)
 .debug_frame   0x00000704       0x28 c:/microsemi/softconsole_v5.1.0.19/softconsole_v5.1/arm-none-eabi-gcc/bin/../lib/gcc/arm-none-eabi/6.3.1/../../../../arm-none-eabi/lib/thumb/v7-m\libg_nano.a(lib_a-exit.o)
 .debug_frame   0x0000072c       0x2c c:/microsemi/softconsole_v5.1.0.19/softconsole_v5.1/arm-none-eabi-gcc/bin/../lib/gcc/arm-none-eabi/6.3.1/../../../../arm-none-eabi/lib/thumb/v7-m\libg_nano.a(lib_a-init.o)
 .debug_frame   0x00000758       0x20 c:/microsemi/softconsole_v5.1.0.19/softconsole_v5.1/arm-none-eabi-gcc/bin/../lib/gcc/arm-none-eabi/6.3.1/../../../../arm-none-eabi/lib/thumb/v7-m\libg_nano.a(lib_a-memset.o)

.debug_str      0x00000000     0xfe29
 *(.debug_str)
 .debug_str     0x00000000     0x389d ./hal/CortexM3/cortex_nvic.o
                               0x3a34 (size before relaxing)
 .debug_str     0x0000389d     0x58a4 ./drivers_config/sys_config/sys_config.o
                               0x8cc4 (size before relaxing)
 .debug_str     0x00009141     0x1629 ./drivers/mss_gpio/mss_gpio.o
                               0xa600 (size before relaxing)
 .debug_str     0x0000a76a     0x50af ./CMSIS/startup_gcc/newlib_stubs.o
                               0x8082 (size before relaxing)
 .debug_str     0x0000f819      0x5a7 ./CMSIS/system_m2sxxx.o
                               0x9973 (size before relaxing)
 .debug_str     0x0000fdc0       0x69 ./main.o
                               0x9349 (size before relaxing)

.debug_loc
 *(.debug_loc)

.debug_macinfo
 *(.debug_macinfo)

.debug_weaknames
 *(.debug_weaknames)

.debug_funcnames
 *(.debug_funcnames)

.debug_typenames
 *(.debug_typenames)

.debug_varnames
 *(.debug_varnames)

.note.gnu.arm.ident
 *(.note.gnu.arm.ident)

.ARM.attributes
                0x00000000       0x29
 *(.ARM.attributes)
 .ARM.attributes
                0x00000000       0x1d c:/microsemi/softconsole_v5.1.0.19/softconsole_v5.1/arm-none-eabi-gcc/bin/../lib/gcc/arm-none-eabi/6.3.1/thumb/v7-m/crti.o
 .ARM.attributes
                0x0000001d       0x2d c:/microsemi/softconsole_v5.1.0.19/softconsole_v5.1/arm-none-eabi-gcc/bin/../lib/gcc/arm-none-eabi/6.3.1/thumb/v7-m/crtbegin.o
 .ARM.attributes
                0x0000004a       0x1b c:/microsemi/softconsole_v5.1.0.19/softconsole_v5.1/arm-none-eabi-gcc/bin/../lib/gcc/arm-none-eabi/6.3.1/../../../../arm-none-eabi/lib/thumb/v7-m/crt0.o
 .ARM.attributes
                0x00000065       0x21 ./hal/CortexM3/GNU/hal.o
 .ARM.attributes
                0x00000086       0x21 ./hal/CortexM3/GNU/hw_reg_access.o
 .ARM.attributes
                0x000000a7       0x33 ./hal/CortexM3/cortex_nvic.o
 .ARM.attributes
                0x000000da       0x33 ./drivers_config/sys_config/sys_config.o
 .ARM.attributes
                0x0000010d       0x33 ./drivers/mss_gpio/mss_gpio.o
 .ARM.attributes
                0x00000140       0x33 ./CMSIS/startup_gcc/newlib_stubs.o
 .ARM.attributes
                0x00000173       0x21 ./CMSIS/startup_gcc/startup_m2sxxx.o
 .ARM.attributes
                0x00000194       0x33 ./CMSIS/system_m2sxxx.o
 .ARM.attributes
                0x000001c7       0x33 ./main.o
 .ARM.attributes
                0x000001fa       0x2d c:/microsemi/softconsole_v5.1.0.19/softconsole_v5.1/arm-none-eabi-gcc/bin/../lib/gcc/arm-none-eabi/6.3.1/../../../../arm-none-eabi/lib/thumb/v7-m\libg_nano.a(lib_a-errno.o)
 .ARM.attributes
                0x00000227       0x2d c:/microsemi/softconsole_v5.1.0.19/softconsole_v5.1/arm-none-eabi-gcc/bin/../lib/gcc/arm-none-eabi/6.3.1/../../../../arm-none-eabi/lib/thumb/v7-m\libg_nano.a(lib_a-exit.o)
 .ARM.attributes
                0x00000254       0x2d c:/microsemi/softconsole_v5.1.0.19/softconsole_v5.1/arm-none-eabi-gcc/bin/../lib/gcc/arm-none-eabi/6.3.1/../../../../arm-none-eabi/lib/thumb/v7-m\libg_nano.a(lib_a-impure.o)
 .ARM.attributes
                0x00000281       0x2d c:/microsemi/softconsole_v5.1.0.19/softconsole_v5.1/arm-none-eabi-gcc/bin/../lib/gcc/arm-none-eabi/6.3.1/../../../../arm-none-eabi/lib/thumb/v7-m\libg_nano.a(lib_a-init.o)
 .ARM.attributes
                0x000002ae       0x2d c:/microsemi/softconsole_v5.1.0.19/softconsole_v5.1/arm-none-eabi-gcc/bin/../lib/gcc/arm-none-eabi/6.3.1/../../../../arm-none-eabi/lib/thumb/v7-m\libg_nano.a(lib_a-memset.o)
 .ARM.attributes
                0x000002db       0x2d c:/microsemi/softconsole_v5.1.0.19/softconsole_v5.1/arm-none-eabi-gcc/bin/../lib/gcc/arm-none-eabi/6.3.1/thumb/v7-m/crtend.o
 .ARM.attributes
                0x00000308       0x1d c:/microsemi/softconsole_v5.1.0.19/softconsole_v5.1/arm-none-eabi-gcc/bin/../lib/gcc/arm-none-eabi/6.3.1/thumb/v7-m/crtn.o

/DISCARD/
 *(.note.GNU-stack)
 *(.isr_vector)
OUTPUT(smartfusion2-cortex-m3-blinky.elf elf32-littlearm)

.debug_ranges   0x00000000      0x1a8
 .debug_ranges  0x00000000       0x38 ./hal/CortexM3/cortex_nvic.o
 .debug_ranges  0x00000038       0x58 ./drivers/mss_gpio/mss_gpio.o
 .debug_ranges  0x00000090       0x98 ./CMSIS/startup_gcc/newlib_stubs.o
 .debug_ranges  0x00000128       0x58 ./CMSIS/system_m2sxxx.o
 .debug_ranges  0x00000180       0x28 ./main.o

.debug_macro    0x00000000     0x399a
 .debug_macro   0x00000000       0xb7 ./hal/CortexM3/cortex_nvic.o
 .debug_macro   0x000000b7      0x898 ./hal/CortexM3/cortex_nvic.o
 .debug_macro   0x0000094f       0x22 ./hal/CortexM3/cortex_nvic.o
 .debug_macro   0x00000971       0x87 ./hal/CortexM3/cortex_nvic.o
 .debug_macro   0x000009f8       0x51 ./hal/CortexM3/cortex_nvic.o
 .debug_macro   0x00000a49       0xef ./hal/CortexM3/cortex_nvic.o
 .debug_macro   0x00000b38       0x6a ./hal/CortexM3/cortex_nvic.o
 .debug_macro   0x00000ba2      0x1df ./hal/CortexM3/cortex_nvic.o
 .debug_macro   0x00000d81       0x58 ./hal/CortexM3/cortex_nvic.o
 .debug_macro   0x00000dd9       0x35 ./hal/CortexM3/cortex_nvic.o
 .debug_macro   0x00000e0e       0x9c ./hal/CortexM3/cortex_nvic.o
 .debug_macro   0x00000eaa       0x1c ./hal/CortexM3/cortex_nvic.o
 .debug_macro   0x00000ec6       0xc7 ./drivers_config/sys_config/sys_config.o
 .debug_macro   0x00000f8d       0x26 ./drivers_config/sys_config/sys_config.o
 .debug_macro   0x00000fb3       0x34 ./drivers_config/sys_config/sys_config.o
 .debug_macro   0x00000fe7       0x34 ./drivers_config/sys_config/sys_config.o
 .debug_macro   0x0000101b      0xca6 ./drivers_config/sys_config/sys_config.o
 .debug_macro   0x00001cc1      0x265 ./drivers_config/sys_config/sys_config.o
 .debug_macro   0x00001f26       0x3a ./drivers_config/sys_config/sys_config.o
 .debug_macro   0x00001f60       0x34 ./drivers_config/sys_config/sys_config.o
 .debug_macro   0x00001f94      0x110 ./drivers/mss_gpio/mss_gpio.o
 .debug_macro   0x000020a4      0x11c ./drivers/mss_gpio/mss_gpio.o
 .debug_macro   0x000021c0      0x1ed ./CMSIS/startup_gcc/newlib_stubs.o
 .debug_macro   0x000023ad       0x52 ./CMSIS/startup_gcc/newlib_stubs.o
 .debug_macro   0x000023ff       0x8d ./CMSIS/startup_gcc/newlib_stubs.o
 .debug_macro   0x0000248c       0x16 ./CMSIS/startup_gcc/newlib_stubs.o
 .debug_macro   0x000024a2      0x10e ./CMSIS/startup_gcc/newlib_stubs.o
 .debug_macro   0x000025b0       0x8d ./CMSIS/startup_gcc/newlib_stubs.o
 .debug_macro   0x0000263d       0x57 ./CMSIS/startup_gcc/newlib_stubs.o
 .debug_macro   0x00002694       0x58 ./CMSIS/startup_gcc/newlib_stubs.o
 .debug_macro   0x000026ec       0x1f ./CMSIS/startup_gcc/newlib_stubs.o
 .debug_macro   0x0000270b       0x43 ./CMSIS/startup_gcc/newlib_stubs.o
 .debug_macro   0x0000274e       0x20 ./CMSIS/startup_gcc/newlib_stubs.o
 .debug_macro   0x0000276e      0x187 ./CMSIS/startup_gcc/newlib_stubs.o
 .debug_macro   0x000028f5      0x30d ./CMSIS/startup_gcc/newlib_stubs.o
 .debug_macro   0x00002c02       0x16 ./CMSIS/startup_gcc/newlib_stubs.o
 .debug_macro   0x00002c18       0x29 ./CMSIS/startup_gcc/newlib_stubs.o
 .debug_macro   0x00002c41       0x16 ./CMSIS/startup_gcc/newlib_stubs.o
 .debug_macro   0x00002c57       0x10 ./CMSIS/startup_gcc/newlib_stubs.o
 .debug_macro   0x00002c67       0x35 ./CMSIS/startup_gcc/newlib_stubs.o
 .debug_macro   0x00002c9c       0x1c ./CMSIS/startup_gcc/newlib_stubs.o
 .debug_macro   0x00002cb8       0x52 ./CMSIS/startup_gcc/newlib_stubs.o
 .debug_macro   0x00002d0a       0x40 ./CMSIS/startup_gcc/newlib_stubs.o
 .debug_macro   0x00002d4a       0x10 ./CMSIS/startup_gcc/newlib_stubs.o
 .debug_macro   0x00002d5a       0x40 ./CMSIS/startup_gcc/newlib_stubs.o
 .debug_macro   0x00002d9a       0xd7 ./CMSIS/startup_gcc/newlib_stubs.o
 .debug_macro   0x00002e71      0x51a ./CMSIS/startup_gcc/newlib_stubs.o
 .debug_macro   0x0000338b       0x16 ./CMSIS/startup_gcc/newlib_stubs.o
 .debug_macro   0x000033a1       0x10 ./CMSIS/startup_gcc/newlib_stubs.o
 .debug_macro   0x000033b1       0x10 ./CMSIS/startup_gcc/newlib_stubs.o
 .debug_macro   0x000033c1       0x35 ./CMSIS/startup_gcc/newlib_stubs.o
 .debug_macro   0x000033f6      0x122 ./CMSIS/startup_gcc/newlib_stubs.o
 .debug_macro   0x00003518       0x10 ./CMSIS/startup_gcc/newlib_stubs.o
 .debug_macro   0x00003528      0x241 ./CMSIS/startup_gcc/newlib_stubs.o
 .debug_macro   0x00003769      0x173 ./CMSIS/system_m2sxxx.o
 .debug_macro   0x000038dc       0xbe ./main.o

.comment        0x00000000       0x7f
 .comment       0x00000000       0x7f ./hal/CortexM3/cortex_nvic.o
                                 0x80 (size before relaxing)
 .comment       0x0000007f       0x80 ./drivers_config/sys_config/sys_config.o
 .comment       0x0000007f       0x80 ./drivers/mss_gpio/mss_gpio.o
 .comment       0x0000007f       0x80 ./CMSIS/startup_gcc/newlib_stubs.o
 .comment       0x0000007f       0x80 ./CMSIS/system_m2sxxx.o
 .comment       0x0000007f       0x80 ./main.o
